
2024/04/29 (12:49:25) | ===> btop++ v.1.3.2
2024/04/29 (12:49:25) | ERROR: Stall in Runner thread, restarting!
2024/04/29 (12:54:24) | ERROR: Stall in Runner thread, restarting!

2024/04/29 (13:16:54) | ===> btop++ v.1.3.2
2024/04/29 (13:16:54) | WARNING: ROCm SMI: Failed to get maximum GPU power draw, defaulting to 225W
2024/04/29 (13:16:54) | WARNING: ROCm SMI: Failed to get maximum GPU temperature, defaulting to 110°C
2024/04/29 (13:16:54) | WARNING: ROCm SMI: Failed to get VRAM utilization
2024/04/29 (13:16:54) | WARNING: ROCm SMI: Failed to get PCIe throughput

2024/04/29 (20:39:59) | ===> btop++ v.1.3.2
2024/04/29 (20:39:59) | WARNING: ROCm SMI: Failed to get maximum GPU power draw, defaulting to 225W
2024/04/29 (20:39:59) | WARNING: ROCm SMI: Failed to get maximum GPU temperature, defaulting to 110°C
2024/04/29 (20:39:59) | WARNING: ROCm SMI: Failed to get VRAM utilization
2024/04/29 (20:39:59) | WARNING: ROCm SMI: Failed to get PCIe throughput

2024/05/01 (20:03:08) | ===> btop++ v.1.3.2
2024/05/01 (20:03:08) | WARNING: ROCm SMI: Failed to get maximum GPU power draw, defaulting to 225W
2024/05/01 (20:03:08) | WARNING: ROCm SMI: Failed to get maximum GPU temperature, defaulting to 110°C
2024/05/01 (20:03:08) | WARNING: ROCm SMI: Failed to get VRAM utilization
2024/05/01 (20:03:08) | WARNING: ROCm SMI: Failed to get PCIe throughput

2024/05/05 (15:35:18) | ===> btop++ v.1.3.2
2024/05/05 (15:35:18) | WARNING: ROCm SMI: Failed to get maximum GPU power draw, defaulting to 225W
2024/05/05 (15:35:18) | WARNING: ROCm SMI: Failed to get maximum GPU temperature, defaulting to 110°C
2024/05/05 (15:35:18) | WARNING: ROCm SMI: Failed to get VRAM utilization
2024/05/05 (15:35:18) | WARNING: ROCm SMI: Failed to get PCIe throughput

2024/05/06 (11:31:02) | ===> btop++ v.1.3.2
2024/05/06 (11:31:02) | WARNING: ROCm SMI: Failed to get maximum GPU power draw, defaulting to 225W
2024/05/06 (11:31:02) | WARNING: ROCm SMI: Failed to get maximum GPU temperature, defaulting to 110°C
2024/05/06 (11:31:02) | WARNING: ROCm SMI: Failed to get VRAM utilization
2024/05/06 (11:31:02) | WARNING: ROCm SMI: Failed to get PCIe throughput

2024/05/15 (12:51:27) | ===> btop++ v.1.3.2
2024/05/15 (12:51:27) | WARNING: ROCm SMI: Failed to get maximum GPU power draw, defaulting to 225W
2024/05/15 (12:51:27) | WARNING: ROCm SMI: Failed to get maximum GPU temperature, defaulting to 110°C
2024/05/15 (12:51:27) | WARNING: ROCm SMI: Failed to get VRAM utilization
2024/05/15 (12:51:27) | WARNING: ROCm SMI: Failed to get PCIe throughput

2024/05/21 (14:43:13) | ===> btop++ v.1.3.2
2024/05/21 (14:43:13) | WARNING: ROCm SMI: Failed to get maximum GPU power draw, defaulting to 225W
2024/05/21 (14:43:13) | WARNING: ROCm SMI: Failed to get maximum GPU temperature, defaulting to 110°C
2024/05/21 (14:43:13) | WARNING: ROCm SMI: Failed to get VRAM utilization
2024/05/21 (14:43:13) | WARNING: ROCm SMI: Failed to get PCIe throughput

2024/05/21 (16:05:05) | ===> btop++ v.1.3.2
2024/05/21 (16:05:05) | WARNING: ROCm SMI: Failed to get maximum GPU power draw, defaulting to 225W
2024/05/21 (16:05:05) | WARNING: ROCm SMI: Failed to get maximum GPU temperature, defaulting to 110°C
2024/05/21 (16:05:05) | WARNING: ROCm SMI: Failed to get VRAM utilization
2024/05/21 (16:05:05) | WARNING: ROCm SMI: Failed to get PCIe throughput

2024/05/21 (16:19:55) | ===> btop++ v.1.3.2
2024/05/21 (16:19:55) | WARNING: ROCm SMI: Failed to get maximum GPU power draw, defaulting to 225W
2024/05/21 (16:19:55) | WARNING: ROCm SMI: Failed to get maximum GPU temperature, defaulting to 110°C
2024/05/21 (16:19:55) | WARNING: ROCm SMI: Failed to get VRAM utilization
2024/05/21 (16:19:55) | WARNING: ROCm SMI: Failed to get PCIe throughput

2024/05/23 (10:33:00) | ===> btop++ v.1.3.2
2024/05/23 (10:33:00) | WARNING: ROCm SMI: Failed to get maximum GPU power draw, defaulting to 225W
2024/05/23 (10:33:00) | WARNING: ROCm SMI: Failed to get maximum GPU temperature, defaulting to 110°C
2024/05/23 (10:33:00) | WARNING: ROCm SMI: Failed to get VRAM utilization
2024/05/23 (10:33:00) | WARNING: ROCm SMI: Failed to get PCIe throughput

2024/05/27 (13:53:45) | ===> btop++ v.1.3.2
2024/05/27 (13:53:45) | WARNING: ROCm SMI: Failed to get maximum GPU power draw, defaulting to 225W
2024/05/27 (13:53:45) | WARNING: ROCm SMI: Failed to get maximum GPU temperature, defaulting to 110°C
2024/05/27 (13:53:45) | WARNING: ROCm SMI: Failed to get VRAM utilization
2024/05/27 (13:53:45) | WARNING: ROCm SMI: Failed to get PCIe throughput

2024/05/29 (12:32:13) | ===> btop++ v.1.3.2
2024/05/29 (12:32:13) | WARNING: ROCm SMI: Failed to get maximum GPU power draw, defaulting to 225W
2024/05/29 (12:32:13) | WARNING: ROCm SMI: Failed to get maximum GPU temperature, defaulting to 110°C
2024/05/29 (12:32:13) | WARNING: ROCm SMI: Failed to get VRAM utilization
2024/05/29 (12:32:13) | WARNING: ROCm SMI: Failed to get PCIe throughput

2024/06/05 (20:10:21) | ===> btop++ v.1.3.2
2024/06/05 (20:10:21) | WARNING: ROCm SMI: Failed to get maximum GPU power draw, defaulting to 225W
2024/06/05 (20:10:21) | WARNING: ROCm SMI: Failed to get maximum GPU temperature, defaulting to 110°C
2024/06/05 (20:10:21) | WARNING: ROCm SMI: Failed to get VRAM utilization
2024/06/05 (20:10:21) | WARNING: ROCm SMI: Failed to get PCIe throughput

2024/06/07 (16:07:13) | ===> btop++ v.1.3.2
2024/06/07 (16:07:13) | WARNING: ROCm SMI: Failed to get maximum GPU power draw, defaulting to 225W
2024/06/07 (16:07:13) | WARNING: ROCm SMI: Failed to get maximum GPU temperature, defaulting to 110°C
2024/06/07 (16:07:13) | WARNING: ROCm SMI: Failed to get VRAM utilization
2024/06/07 (16:07:13) | WARNING: ROCm SMI: Failed to get PCIe throughput
2024/06/08 (19:36:02) | ERROR: Stall in Runner thread, restarting!

2024/06/10 (15:23:03) | ===> btop++ v.1.3.2
2024/06/10 (15:23:03) | WARNING: ROCm SMI: Failed to get maximum GPU power draw, defaulting to 225W
2024/06/10 (15:23:03) | WARNING: ROCm SMI: Failed to get maximum GPU temperature, defaulting to 110°C
2024/06/10 (15:23:03) | WARNING: ROCm SMI: Failed to get VRAM utilization
2024/06/10 (15:23:03) | WARNING: ROCm SMI: Failed to get PCIe throughput

2024/06/10 (15:23:13) | ===> btop++ v.1.3.2
2024/06/10 (15:23:13) | WARNING: ROCm SMI: Failed to get maximum GPU power draw, defaulting to 225W
2024/06/10 (15:23:13) | WARNING: ROCm SMI: Failed to get maximum GPU temperature, defaulting to 110°C
2024/06/10 (15:23:13) | WARNING: ROCm SMI: Failed to get VRAM utilization
2024/06/10 (15:23:13) | WARNING: ROCm SMI: Failed to get PCIe throughput

2024/06/22 (16:07:11) | ===> btop++ v.1.3.2
2024/06/22 (16:07:11) | WARNING: ROCm SMI: Failed to get maximum GPU power draw, defaulting to 225W
2024/06/22 (16:07:11) | WARNING: ROCm SMI: Failed to get maximum GPU temperature, defaulting to 110°C
2024/06/22 (16:07:11) | WARNING: ROCm SMI: Failed to get VRAM utilization
2024/06/22 (16:07:11) | WARNING: ROCm SMI: Failed to get PCIe throughput

2024/06/22 (16:07:42) | ===> btop++ v.1.3.2
2024/06/22 (16:07:42) | WARNING: ROCm SMI: Failed to get maximum GPU power draw, defaulting to 225W
2024/06/22 (16:07:42) | WARNING: ROCm SMI: Failed to get maximum GPU temperature, defaulting to 110°C
2024/06/22 (16:07:42) | WARNING: ROCm SMI: Failed to get VRAM utilization
2024/06/22 (16:07:42) | WARNING: ROCm SMI: Failed to get PCIe throughput

2024/06/25 (14:33:34) | ===> btop++ v.1.3.2
2024/06/25 (14:33:34) | WARNING: ROCm SMI: Failed to get maximum GPU power draw, defaulting to 225W
2024/06/25 (14:33:34) | WARNING: ROCm SMI: Failed to get maximum GPU temperature, defaulting to 110°C
2024/06/25 (14:33:34) | WARNING: ROCm SMI: Failed to get VRAM utilization
2024/06/25 (14:33:34) | WARNING: ROCm SMI: Failed to get PCIe throughput

2024/06/25 (14:34:28) | ===> btop++ v.1.3.2
2024/06/25 (14:34:28) | WARNING: ROCm SMI: Failed to get maximum GPU power draw, defaulting to 225W
2024/06/25 (14:34:28) | WARNING: ROCm SMI: Failed to get maximum GPU temperature, defaulting to 110°C
2024/06/25 (14:34:28) | WARNING: ROCm SMI: Failed to get VRAM utilization
2024/06/25 (14:34:28) | WARNING: ROCm SMI: Failed to get PCIe throughput

2024/08/25 (14:40:56) | ===> btop++ v.1.3.2
2024/08/25 (14:40:56) | WARNING: ROCm SMI: Failed to get maximum GPU power draw, defaulting to 225W
2024/08/25 (14:40:56) | WARNING: ROCm SMI: Failed to get maximum GPU temperature, defaulting to 110°C
2024/08/25 (14:40:56) | WARNING: ROCm SMI: Failed to get VRAM utilization
2024/08/25 (14:40:56) | WARNING: ROCm SMI: Failed to get PCIe throughput

2024/09/16 (14:29:02) | ===> btop++ v.1.3.2
2024/09/16 (14:29:02) | WARNING: ROCm SMI: Failed to get maximum GPU power draw, defaulting to 225W
2024/09/16 (14:29:02) | WARNING: ROCm SMI: Failed to get maximum GPU temperature, defaulting to 110°C
2024/09/16 (14:29:02) | WARNING: ROCm SMI: Failed to get VRAM utilization
2024/09/16 (14:29:02) | WARNING: ROCm SMI: Failed to get PCIe throughput

2024/09/21 (19:20:44) | ===> btop++ v.1.3.2
2024/09/21 (19:20:44) | WARNING: ROCm SMI: Failed to get maximum GPU power draw, defaulting to 225W
2024/09/21 (19:20:44) | WARNING: ROCm SMI: Failed to get maximum GPU temperature, defaulting to 110°C
2024/09/21 (19:20:44) | WARNING: ROCm SMI: Failed to get VRAM utilization
2024/09/21 (19:20:44) | WARNING: ROCm SMI: Failed to get PCIe throughput

2024/09/21 (19:24:32) | ===> btop++ v.1.3.2
2024/09/21 (19:24:32) | WARNING: ROCm SMI: Failed to get maximum GPU power draw, defaulting to 225W
2024/09/21 (19:24:32) | WARNING: ROCm SMI: Failed to get maximum GPU temperature, defaulting to 110°C
2024/09/21 (19:24:32) | WARNING: ROCm SMI: Failed to get VRAM utilization
2024/09/21 (19:24:32) | WARNING: ROCm SMI: Failed to get PCIe throughput

2024/10/15 (21:05:36) | ===> btop++ v.1.3.2
2024/10/15 (21:05:36) | WARNING: ROCm SMI: Failed to get maximum GPU power draw, defaulting to 225W
2024/10/15 (21:05:36) | WARNING: ROCm SMI: Failed to get maximum GPU temperature, defaulting to 110°C
2024/10/15 (21:05:36) | WARNING: ROCm SMI: Failed to get VRAM utilization
2024/10/15 (21:05:36) | WARNING: ROCm SMI: Failed to get PCIe throughput

2024/10/15 (21:05:52) | ===> btop++ v.1.3.2
2024/10/15 (21:05:52) | WARNING: ROCm SMI: Failed to get maximum GPU power draw, defaulting to 225W
2024/10/15 (21:05:52) | WARNING: ROCm SMI: Failed to get maximum GPU temperature, defaulting to 110°C
2024/10/15 (21:05:52) | WARNING: ROCm SMI: Failed to get VRAM utilization
2024/10/15 (21:05:52) | WARNING: ROCm SMI: Failed to get PCIe throughput

2024/10/19 (00:15:47) | ===> btop++ v.1.3.2
2024/10/19 (00:15:47) | WARNING: ROCm SMI: Failed to get maximum GPU power draw, defaulting to 225W
2024/10/19 (00:15:47) | WARNING: ROCm SMI: Failed to get maximum GPU temperature, defaulting to 110°C
2024/10/19 (00:15:47) | WARNING: ROCm SMI: Failed to get VRAM utilization
2024/10/19 (00:15:47) | WARNING: ROCm SMI: Failed to get PCIe throughput

2024/10/21 (13:10:28) | ===> btop++ v.1.3.2
2024/10/21 (13:10:28) | WARNING: ROCm SMI: Failed to get maximum GPU power draw, defaulting to 225W
2024/10/21 (13:10:28) | WARNING: ROCm SMI: Failed to get maximum GPU temperature, defaulting to 110°C
2024/10/21 (13:10:28) | WARNING: ROCm SMI: Failed to get VRAM utilization
2024/10/21 (13:10:28) | WARNING: ROCm SMI: Failed to get PCIe throughput

2024/10/28 (10:54:23) | ===> btop++ v.1.4.0
2024/10/28 (10:54:23) | WARNING: Failed to set locale en_US.UTF-8 continuing anyway.
2024/10/28 (10:54:23) | WARNING: Failed to set locale en_US.UTF-8 continuing anyway.
2024/10/28 (10:54:23) | WARNING: ROCm SMI: Failed to get maximum GPU power draw, defaulting to 225W
2024/10/28 (10:54:23) | WARNING: ROCm SMI: Failed to get maximum GPU temperature, defaulting to 110°C
2024/10/28 (10:54:23) | WARNING: ROCm SMI: Failed to get VRAM utilization
2024/10/28 (10:54:23) | WARNING: ROCm SMI: Failed to get PCIe throughput

2024/10/29 (13:52:15) | ===> btop++ v.1.4.0
2024/10/29 (13:52:15) | WARNING: ROCm SMI: Failed to get maximum GPU power draw, defaulting to 225W
2024/10/29 (13:52:15) | WARNING: ROCm SMI: Failed to get maximum GPU temperature, defaulting to 110°C
2024/10/29 (13:52:15) | WARNING: ROCm SMI: Failed to get VRAM utilization
2024/10/29 (13:52:15) | WARNING: ROCm SMI: Failed to get PCIe throughput

2024/11/03 (12:48:47) | ===> btop++ v.1.4.0
2024/11/03 (12:48:47) | WARNING: ROCm SMI: Failed to get maximum GPU power draw, defaulting to 225W
2024/11/03 (12:48:47) | WARNING: ROCm SMI: Failed to get maximum GPU temperature, defaulting to 110°C
2024/11/03 (12:48:47) | WARNING: ROCm SMI: Failed to get VRAM utilization
2024/11/03 (12:48:47) | WARNING: ROCm SMI: Failed to get PCIe throughput

2024/11/03 (17:41:22) | ===> btop++ v.1.4.0
2024/11/03 (17:41:22) | WARNING: ROCm SMI: Failed to get maximum GPU power draw, defaulting to 225W
2024/11/03 (17:41:22) | WARNING: ROCm SMI: Failed to get maximum GPU temperature, defaulting to 110°C
2024/11/03 (17:41:22) | WARNING: ROCm SMI: Failed to get VRAM utilization
2024/11/03 (17:41:22) | WARNING: ROCm SMI: Failed to get PCIe throughput

2024/11/04 (12:43:52) | ===> btop++ v.1.4.0
2024/11/04 (12:43:52) | WARNING: ROCm SMI: Failed to get maximum GPU power draw, defaulting to 225W
2024/11/04 (12:43:52) | WARNING: ROCm SMI: Failed to get maximum GPU temperature, defaulting to 110°C
2024/11/04 (12:43:52) | WARNING: ROCm SMI: Failed to get VRAM utilization
2024/11/04 (12:43:52) | WARNING: ROCm SMI: Failed to get PCIe throughput

2024/11/28 (19:25:47) | ===> btop++ v.1.4.0
2024/11/28 (19:25:47) | WARNING: ROCm SMI: Failed to get maximum GPU power draw, defaulting to 225W
2024/11/28 (19:25:47) | WARNING: ROCm SMI: Failed to get maximum GPU temperature, defaulting to 110°C
2024/11/28 (19:25:47) | WARNING: ROCm SMI: Failed to get VRAM utilization
2024/11/28 (19:25:47) | WARNING: ROCm SMI: Failed to get PCIe throughput
